[    0.000000] Initializing cgroup subsys cpuset
[    0.000000] Initializing cgroup subsys cpu
[    0.000000] Initializing cgroup subsys cpuacct
[    0.000000] Linux version 4.4.0-210-generic (buildd@lgw01-amd64-009) (gcc version 5.4.0 20160609 (Ubuntu 5.4.0-6ubuntu1~16.04.12) ) #242-Ubuntu SMP Fri Apr 16 09:57:56 UTC 2021 (Ubuntu 4.4.0-210.242-generic 4.4.262)
[    0.000000] Command line: BOOT_IMAGE=/boot/vmlinuz-4.4.0-210-generic root=LABEL=cloudimg-rootfs ro console=tty1 console=ttyS0
[    0.000000] KERNEL supported cpus:
[    0.000000]   Intel GenuineIntel
[    0.000000]   AMD AuthenticAMD
[    0.000000]   Centaur CentaurHauls
[    0.000000] x86/fpu: Legacy x87 FPU detected.
[    0.000000] e820: BIOS-provided physical RAM map:
[    0.000000] BIOS-e820: [mem 0x0000000000000000-0x000000000009fbff] usable
[    0.000000] BIOS-e820: [mem 0x000000000009fc00-0x000000000009ffff] reserved
[    0.000000] BIOS-e820: [mem 0x00000000000f0000-0x00000000000fffff] reserved
[    0.000000] BIOS-e820: [mem 0x0000000000100000-0x000000003ffeffff] usable
[    0.000000] BIOS-e820: [mem 0x000000003fff0000-0x000000003fffffff] ACPI data
[    0.000000] BIOS-e820: [mem 0x00000000fec00000-0x00000000fec00fff] reserved
[    0.000000] BIOS-e820: [mem 0x00000000fee00000-0x00000000fee00fff] reserved
[    0.000000] BIOS-e820: [mem 0x00000000fffc0000-0x00000000ffffffff] reserved
[    0.000000] NX (Execute Disable) protection: active
[    0.000000] SMBIOS 2.5 present.
[    0.000000] Hypervisor detected: KVM
[    0.000000] Kernel/User page tables isolation: disabled
[    0.000000] e820: last_pfn = 0x3fff0 max_arch_pfn = 0x400000000
[    0.000000] MTRR: Disabled
[    0.000000] x86/PAT: MTRRs disabled, skipping PAT initialization too.
[    0.000000] CPU MTRRs all blank - virtualized system.
[    0.000000] x86/PAT: Configuration [0-7]: WB  WT  UC- UC  WB  WT  UC- UC  
[    0.000000] found SMP MP-table at [mem 0x0009fff0-0x0009ffff] mapped at [ffff88000009fff0]
[    0.000000] Scanning 1 areas for low memory corruption
[    0.000000] RAMDISK: [mem 0x362dc000-0x37165fff]
[    0.000000] ACPI: Early table checksum verification disabled
[    0.000000] ACPI: RSDP 0x00000000000E0000 000024 (v02 VBOX  )
[    0.000000] ACPI: XSDT 0x000000003FFF0030 00003C (v01 VBOX   VBOXXSDT 00000001 ASL  00000061)
[    0.000000] ACPI: FACP 0x000000003FFF00F0 0000F4 (v04 VBOX   VBOXFACP 00000001 ASL  00000061)
[    0.000000] ACPI: DSDT 0x000000003FFF0470 002325 (v02 VBOX   VBOXBIOS 00000002 INTL 20100528)
[    0.000000] ACPI: FACS 0x000000003FFF0200 000040
[    0.000000] ACPI: FACS 0x000000003FFF0200 000040
[    0.000000] ACPI: APIC 0x000000003FFF0240 00005C (v02 VBOX   VBOXAPIC 00000001 ASL  00000061)
[    0.000000] ACPI: SSDT 0x000000003FFF02A0 0001CC (v01 VBOX   VBOXCPUT 00000002 INTL 20100528)
[    0.000000] No NUMA configuration found
[    0.000000] Faking a node at [mem 0x0000000000000000-0x000000003ffeffff]
[    0.000000] NODE_DATA(0) allocated [mem 0x3ffeb000-0x3ffeffff]
[    0.000000] kvm-clock: Using msrs 4b564d01 and 4b564d00
[    0.000000] kvm-clock: cpu 0, msr 0:3ffe3001, primary cpu clock
[    0.000000] kvm-clock: using sched offset of 3778873497 cycles
[    0.000000] clocksource: kvm-clock: mask: 0xffffffffffffffff max_cycles: 0x1cd42e4dffb, max_idle_ns: 881590591483 ns
[    0.000000] Zone ranges:
[    0.000000]   DMA      [mem 0x0000000000001000-0x0000000000ffffff]
[    0.000000]   DMA32    [mem 0x0000000001000000-0x000000003ffeffff]
[    0.000000]   Normal   empty
[    0.000000]   Device   empty
[    0.000000] Movable zone start for each node
[    0.000000] Early memory node ranges
[    0.000000]   node   0: [mem 0x0000000000001000-0x000000000009efff]
[    0.000000]   node   0: [mem 0x0000000000100000-0x000000003ffeffff]
[    0.000000] Initmem setup node 0 [mem 0x0000000000001000-0x000000003ffeffff]
[    0.000000] ACPI: PM-Timer IO Port: 0x4008
[    0.000000] IOAPIC[0]: apic_id 2, version 32, address 0xfec00000, GSI 0-23
[    0.000000] ACPI: INT_SRC_OVR (bus 0 bus_irq 0 global_irq 2 dfl dfl)
[    0.000000] ACPI: INT_SRC_OVR (bus 0 bus_irq 9 global_irq 9 low level)
[    0.000000] Using ACPI (MADT) for SMP configuration information
[    0.000000] smpboot: Allowing 2 CPUs, 0 hotplug CPUs
[    0.000000] PM: Registered nosave memory: [mem 0x00000000-0x00000fff]
[    0.000000] PM: Registered nosave memory: [mem 0x0009f000-0x0009ffff]
[    0.000000] PM: Registered nosave memory: [mem 0x000a0000-0x000effff]
[    0.000000] PM: Registered nosave memory: [mem 0x000f0000-0x000fffff]
[    0.000000] e820: [mem 0x40000000-0xfebfffff] available for PCI devices
[    0.000000] Booting paravirtualized kernel on KVM
[    0.000000] clocksource: refined-jiffies: mask: 0xffffffff max_cycles: 0xffffffff, max_idle_ns: 7645519600211568 ns
[    0.000000] setup_percpu: NR_CPUS:512 nr_cpumask_bits:512 nr_cpu_ids:2 nr_node_ids:1
[    0.000000] PERCPU: Embedded 33 pages/cpu @ffff88003fc00000 s95192 r8192 d31784 u1048576
[    0.000000] Built 1 zonelists in Node order, mobility grouping on.  Total pages: 257912
[    0.000000] Policy zone: DMA32
[    0.000000] Kernel command line: BOOT_IMAGE=/boot/vmlinuz-4.4.0-210-generic root=LABEL=cloudimg-rootfs ro console=tty1 console=ttyS0
[    0.000000] PID hash table entries: 4096 (order: 3, 32768 bytes)
[    0.000000] Memory: 997792K/1048120K available (8644K kernel code, 1332K rwdata, 4044K rodata, 1492K init, 1164K bss, 50328K reserved, 0K cma-reserved)
[    0.000000] SLUB: HWalign=64, Order=0-3, MinObjects=0, CPUs=2, Nodes=1
[    0.000000] Hierarchical RCU implementation.
[    0.000000] 	Build-time adjustment of leaf fanout to 64.
[    0.000000] 	RCU restricting CPUs from NR_CPUS=512 to nr_cpu_ids=2.
[    0.000000] RCU: Adjusting geometry for rcu_fanout_leaf=64, nr_cpu_ids=2
[    0.000000] NR_IRQS:33024 nr_irqs:440 16
[    0.000000] Console: colour VGA+ 80x25
[    0.000000] console [tty1] enabled
[    0.000000] console [ttyS0] enabled
[    0.000000] tsc: Detected 1382.399 MHz processor
[    0.488296] Calibrating delay loop (skipped) preset value.. 2764.79 BogoMIPS (lpj=5529596)
[    0.494884] pid_max: default: 32768 minimum: 301
[    0.498029] ACPI: Core revision 20150930
[    0.501708] ACPI: 2 ACPI AML tables successfully acquired and loaded
[    0.507163] Security Framework initialized
[    0.510597] Yama: becoming mindful.
[    0.513444] AppArmor: AppArmor initialized
[    0.516303] Dentry cache hash table entries: 131072 (order: 8, 1048576 bytes)
[    0.523755] Inode-cache hash table entries: 65536 (order: 7, 524288 bytes)
[    0.529962] Mount-cache hash table entries: 2048 (order: 2, 16384 bytes)
[    0.535742] Mountpoint-cache hash table entries: 2048 (order: 2, 16384 bytes)
[    0.544402] Initializing cgroup subsys io
[    0.548193] Initializing cgroup subsys memory
[    0.553232] Initializing cgroup subsys devices
[    0.557645] Initializing cgroup subsys freezer
[    0.562549] Initializing cgroup subsys net_cls
[    0.566468] Initializing cgroup subsys perf_event
[    0.571921] Initializing cgroup subsys net_prio
[    0.576749] Initializing cgroup subsys hugetlb
[    0.581021] Initializing cgroup subsys pids
[    0.586719] mce: CPU supports 0 MCE banks
[    0.591383] Last level iTLB entries: 4KB 0, 2MB 0, 4MB 0
[    0.595807] Last level dTLB entries: 4KB 0, 2MB 0, 4MB 0, 1GB 0
[    0.602631] Spectre V1 : Mitigation: usercopy/swapgs barriers and __user pointer sanitization
[    0.612120] Spectre V2 : Mitigation: Enhanced IBRS
[    0.618001] Spectre V2 : Spectre v2 / SpectreRSB mitigation: Filling RSB on context switch
[    0.627777] Speculative Store Bypass: Vulnerable
[    0.669295] Freeing SMP alternatives memory: 36K
[    0.753928] ftrace: allocating 32380 entries in 127 pages
[    1.302368] smpboot: APIC(0) Converting physical 0 to logical package 0
[    1.308198] smpboot: Max logical packages: 1
[    1.322963] ..TIMER: vector=0x30 apic1=0 pin1=2 apic2=-1 pin2=-1
[    1.436717] APIC calibration not consistent with PM-Timer: 102ms instead of 100ms
[    1.443000] APIC delta adjusted to PM-Timer: 6289477 (6431993)
[    1.449086] smpboot: CPU0: 11th Gen Intel(R) Core(TM) i5-1135G7 @ 2.40GHz (family: 0x6, model: 0x8c, stepping: 0x1)
[    1.459099] Performance Events: unsupported p6 CPU model 140 no PMU driver, software events only.
[    1.550616] KVM setup paravirtual spinlock
[    1.555315] x86: Booting SMP configuration:
[    1.558017] .... node  #0, CPUs:      #1
[    1.561760] kvm-clock: cpu 1, msr 0:3ffe3041, secondary cpu clock
[    1.566235] mce: CPU supports 0 MCE banks
[    1.569969] TSC synchronization [CPU#0 -> CPU#1]:
[    1.574537] Measured 38445 cycles TSC warp between CPUs, turning off TSC clock.
[    1.579909] tsc: Marking TSC unstable due to check_tsc_sync_source failed
[    0.473055] x86: Booted up 1 node, 2 CPUs
[    0.476007] smpboot: Total of 2 processors activated (5529.59 BogoMIPS)
[    0.485990] devtmpfs: initialized
[    0.494181] evm: security.selinux
[    0.496015] evm: security.SMACK64
[    0.500007] evm: security.SMACK64EXEC
[    0.504006] evm: security.SMACK64TRANSMUTE
[    0.508006] evm: security.SMACK64MMAP
[    0.512005] evm: security.ima
[    0.516008] evm: security.capability
[    0.520278] clocksource: jiffies: mask: 0xffffffff max_cycles: 0xffffffff, max_idle_ns: 7645041785100000 ns
[    0.524031] futex hash table entries: 512 (order: 3, 32768 bytes)
[    0.528392] pinctrl core: initialized pinctrl subsystem
[    0.532471] RTC time:  2:39:48, date: 02/26/23
[    0.536753] NET: Registered protocol family 16
[    0.552012] cpuidle: using governor ladder
[    0.564013] cpuidle: using governor menu
[    0.566788] PCCT header not found.
[    0.568192] ACPI: bus type PCI registered
[    0.572010] acpiphp: ACPI Hot Plug PCI Controller Driver version: 0.5
[    0.576535] PCI: Using configuration type 1 for base access
[    0.600438] ACPI: Added _OSI(Module Device)
[    0.604010] ACPI: Added _OSI(Processor Device)
[    0.606950] ACPI: Added _OSI(3.0 _SCP Extensions)
[    0.608006] ACPI: Added _OSI(Processor Aggregator Device)
[    0.612987] ACPI: Executed 1 blocks of module-level executable AML code
[    0.623080] ACPI: Interpreter enabled
[    0.624017] ACPI: (supports S0 S5)
[    0.628005] ACPI: Using IOAPIC for interrupt routing
[    0.632328] PCI: Using host bridge windows from ACPI; if necessary, use "pci=nocrs" and report a bug
[    0.641205] ACPI: PCI Root Bridge [PCI0] (domain 0000 [bus 00-ff])
[    0.644009] acpi PNP0A03:00: _OSC: OS supports [ASPM ClockPM Segments MSI]
[    0.648489] acpi PNP0A03:00: _OSC: not requesting OS control; OS requires [ExtendedConfig ASPM ClockPM MSI]
[    0.652012] acpi PNP0A03:00: fail to add MMCONFIG information, can't access extended PCI configuration space under this bridge.
[    0.656590] PCI host bridge to bus 0000:00
[    0.660012] pci_bus 0000:00: root bus resource [io  0x0000-0x0cf7 window]
[    0.664011] pci_bus 0000:00: root bus resource [io  0x0d00-0xffff window]
[    0.668011] pci_bus 0000:00: root bus resource [mem 0x000a0000-0x000bffff window]
[    0.672014] pci_bus 0000:00: root bus resource [mem 0x40000000-0xfdffffff window]
[    0.676010] pci_bus 0000:00: root bus resource [bus 00-ff]
[    0.686878] pci 0000:00:01.1: legacy IDE quirk: reg 0x10: [io  0x01f0-0x01f7]
[    0.688009] pci 0000:00:01.1: legacy IDE quirk: reg 0x14: [io  0x03f6]
[    0.692007] pci 0000:00:01.1: legacy IDE quirk: reg 0x18: [io  0x0170-0x0177]
[    0.696007] pci 0000:00:01.1: legacy IDE quirk: reg 0x1c: [io  0x0376]
[    0.725568] pci 0000:00:07.0: quirk: [io  0x4000-0x403f] claimed by PIIX4 ACPI
[    0.728042] pci 0000:00:07.0: quirk: [io  0x4100-0x410f] claimed by PIIX4 SMB
[    0.746897] ACPI: PCI Interrupt Link [LNKA] (IRQs 5 9 10 *11)
[    0.754259] ACPI: PCI Interrupt Link [LNKB] (IRQs 5 9 *10 11)
[    0.762151] ACPI: PCI Interrupt Link [LNKC] (IRQs 5 *9 10 11)
[    0.768218] ACPI: PCI Interrupt Link [LNKD] (IRQs 5 9 10 *11)
[    0.776337] ACPI: Enabled 2 GPEs in block 00 to 07
[    0.780177] vgaarb: setting as boot device: PCI:0000:00:02.0
[    0.784000] vgaarb: device added: PCI:0000:00:02.0,decodes=io+mem,owns=io+mem,locks=none
[    0.784008] vgaarb: loaded
[    0.788006] vgaarb: bridge control possible 0000:00:02.0
[    0.792420] SCSI subsystem initialized
[    0.796153] ACPI: bus type USB registered
[    0.800030] usbcore: registered new interface driver usbfs
[    0.804074] usbcore: registered new interface driver hub
[    0.808064] usbcore: registered new device driver usb
[    0.816820] PCI: Using ACPI for IRQ routing
[    0.820653] NetLabel: Initializing
[    0.823391] NetLabel:  domain hash size = 128
[    0.824003] NetLabel:  protocols = UNLABELED CIPSOv4
[    0.828021] NetLabel:  unlabeled traffic allowed by default
[    0.832177] amd_nb: Cannot enumerate AMD northbridges
[    0.836220] clocksource: Switched to clocksource kvm-clock
[    0.844034] AppArmor: AppArmor Filesystem Enabled
[    0.844034] pnp: PnP ACPI init
[    0.844034] pnp: PnP ACPI: found 3 devices
[    0.907175] clocksource: acpi_pm: mask: 0xffffff max_cycles: 0xffffff, max_idle_ns: 2085701024 ns
[    0.908625] NET: Registered protocol family 2
[    0.916974] TCP established hash table entries: 8192 (order: 4, 65536 bytes)
[    0.921505] TCP bind hash table entries: 8192 (order: 5, 131072 bytes)
[    0.925328] TCP: Hash tables configured (established 8192 bind 8192)
[    0.925328] UDP hash table entries: 512 (order: 2, 16384 bytes)
[    0.925328] UDP-Lite hash table entries: 512 (order: 2, 16384 bytes)
[    0.925328] NET: Registered protocol family 1
[    0.925328] pci 0000:00:00.0: Limiting direct PCI/PCI transfers
[    0.925328] pci 0000:00:01.0: Activating ISA DMA hang workarounds
[    0.925328] Unpacking initramfs...
[    1.249062] Freeing initrd memory: 14888K
[    1.254318] clocksource: tsc: mask: 0xffffffffffffffff max_cycles: 0x13ed2d55cc7, max_idle_ns: 440795242568 ns
[    1.262239] platform rtc_cmos: registered platform RTC device (no PNP device found)
[    1.267937] Scanning for low memory corruption every 60 seconds
[    1.272938] audit: initializing netlink subsys (disabled)
[    1.276451] audit: type=2000 audit(1677379193.230:1): initialized
[    1.280945] Initialise system trusted keyring
[    1.285472] HugeTLB registered 2 MB page size, pre-allocated 0 pages
[    1.291562] zbud: loaded
[    1.295356] VFS: Disk quotas dquot_6.6.0
[    1.299669] VFS: Dquot-cache hash table entries: 512 (order 0, 4096 bytes)
[    1.304519] squashfs: version 4.0 (2009/01/31) Phillip Lougher
[    1.309218] fuse init (API version 7.23)
[    1.312800] Key type big_key registered
[    1.316321] Allocating IMA MOK and blacklist keyrings.
[    1.333634] Key type asymmetric registered
[    1.337044] Asymmetric key parser 'x509' registered
[    1.340128] Block layer SCSI generic (bsg) driver version 0.4 loaded (major 249)
[    1.346069] io scheduler noop registered
[    1.349451] io scheduler deadline registered (default)
[    1.353320] io scheduler cfq registered
[    1.356128] pci_hotplug: PCI Hot Plug PCI Core version: 0.5
[    1.360078] pciehp: PCI Express Hot Plug Controller Driver version: 0.4
[    1.364482] ACPI: AC Adapter [AC] (on-line)
[    1.367235] input: Power Button as /devices/LNXSYSTM:00/LNXPWRBN:00/input/input0
[    1.372436] ACPI: Power Button [PWRF]
[    1.375000] input: Sleep Button as /devices/LNXSYSTM:00/LNXSLPBN:00/input/input1
[    1.379797] ACPI: Sleep Button [SLPF]
[    1.383046] GHES: HEST is not enabled!
[    1.384340] ACPI: Battery Slot [BAT0] (battery present)
[    1.390222] Serial: 8250/16550 driver, 32 ports, IRQ sharing enabled
[    1.420587] 00:02: ttyS0 at I/O 0x3f8 (irq = 4, base_baud = 115200) is a 16550A
[    1.438649] Linux agpgart interface v0.103
[    1.450947] loop: module loaded
[    1.456588] scsi host0: ata_piix
[    1.462003] scsi host1: ata_piix
[    1.465877] ata1: PATA max UDMA/33 cmd 0x1f0 ctl 0x3f6 bmdma 0xd000 irq 14
[    1.465877] ata2: PATA max UDMA/33 cmd 0x170 ctl 0x376 bmdma 0xd008 irq 15
[    1.490436] libphy: Fixed MDIO Bus: probed
[    1.495748] tun: Universal TUN/TAP device driver, 1.6
[    1.500202] tun: (C) 1999-2004 Max Krasnyansky <maxk@qualcomm.com>
[    1.504600] PPP generic driver version 2.4.2
[    1.507817] ehci_hcd: USB 2.0 'Enhanced' Host Controller (EHCI) Driver
[    1.514889] ehci-pci: EHCI PCI platform driver
[    1.519326] ehci-platform: EHCI generic platform driver
[    1.523170] ohci_hcd: USB 1.1 'Open' Host Controller (OHCI) Driver
[    1.527549] ohci-pci: OHCI PCI platform driver
[    1.530933] ohci-platform: OHCI generic platform driver
[    1.535056] uhci_hcd: USB Universal Host Controller Interface driver
[    1.539262] i8042: PNP: PS/2 Controller [PNP0303:PS2K,PNP0f03:PS2M] at 0x60,0x64 irq 1,12
[    1.547528] serio: i8042 KBD port at 0x60,0x64 irq 1
[    1.550751] serio: i8042 AUX port at 0x60,0x64 irq 12
[    1.555535] mousedev: PS/2 mouse device common for all mice
[    1.561631] rtc_cmos rtc_cmos: rtc core: registered rtc_cmos as rtc0
[    1.566384] rtc_cmos rtc_cmos: alarms up to one day, 114 bytes nvram
[    1.570499] i2c /dev entries driver
[    1.572982] device-mapper: uevent: version 1.0.3
[    1.576775] device-mapper: ioctl: 4.34.0-ioctl (2015-10-28) initialised: dm-devel@redhat.com
[    1.582137] ledtrig-cpu: registered to indicate activity on CPUs
[    1.588359] input: AT Translated Set 2 keyboard as /devices/platform/i8042/serio0/input/input2
[    1.593658] NET: Registered protocol family 10
[    1.593989] NET: Registered protocol family 17
[    1.594007] Key type dns_resolver registered
[    1.594677] registered taskstats version 1
[    1.594696] Loading compiled-in X.509 certificates
[    1.595822] Loaded X.509 cert 'Build time autogenerated kernel key: cf00e047681d67edb2720680708b7d9498083038'
[    1.595877] zswap: loaded using pool lzo/zbud
[    1.600056] Key type trusted registered
[    1.606421] Key type encrypted registered
[    1.606430] AppArmor: AppArmor sha1 policy hashing enabled
[    1.606434] ima: No TPM chip found, activating TPM-bypass!
[    1.606440] ima: Allocated hash algorithm: sha1
[    1.606514] evm: HMAC attrs: 0x1
[    1.607786]   Magic number: 11:271:663
[    1.613798] rtc_cmos rtc_cmos: setting system clock to 2023-02-26 02:39:49 UTC (1677379189)
[    1.613938] BIOS EDD facility v0.16 2004-Jun-25, 0 devices found
[    1.613939] EDD information not available.
[    1.700429] Freeing unused kernel memory: 1492K
[    1.716115] Write protecting the kernel read-only data: 14336k
[    1.724417] Freeing unused kernel memory: 1584K
[    1.731716] Freeing unused kernel memory: 52K
Loading, please wait...
starting version 229
[    1.757382] random: systemd-udevd: uninitialized urandom read (16 bytes read, 5 bits of entropy available)
[    1.757841] random: udevadm: uninitialized urandom read (16 bytes read, 5 bits of entropy available)
[    1.757859] random: udevadm: uninitialized urandom read (16 bytes read, 5 bits of entropy available)
[    1.769676] random: udevadm: uninitialized urandom read (16 bytes read, 5 bits of entropy available)
[    1.769715] random: udevadm: uninitialized urandom read (16 bytes read, 5 bits of entropy available)
[    1.769862] random: udevadm: uninitialized urandom read (16 bytes read, 5 bits of entropy available)
[    1.769922] random: udevadm: uninitialized urandom read (16 bytes read, 5 bits of entropy available)
[    1.769968] random: udevadm: uninitialized urandom read (16 bytes read, 5 bits of entropy available)
[    1.770044] random: udevadm: uninitialized urandom read (16 bytes read, 5 bits of entropy available)
[    1.770085] random: udevadm: uninitialized urandom read (16 bytes read, 5 bits of entropy available)
[    1.857083] e1000: Intel(R) PRO/1000 Network Driver - version 7.3.21-k8-NAPI
[    1.862781] e1000: Copyright (c) 1999-2006 Intel Corporation.
[    1.884338] Fusion MPT base driver 3.04.20
[    1.887540] Copyright (c) 1999-2008 LSI Corporation
[    1.911816] Fusion MPT SPI Host driver 3.04.20
[    2.116878] input: ImExPS/2 Generic Explorer Mouse as /devices/platform/i8042/serio1/input/input4
[    3.039348] e1000 0000:00:03.0 eth0: (PCI:33MHz:32-bit) 02:be:82:6b:cc:1d
[    3.039348] e1000 0000:00:03.0 eth0: Intel(R) PRO/1000 Network Connection
[    3.111619] mptbase: ioc0: Initiating bringup
[    3.181668] ioc0: LSI53C1030 A0: Capabilities={Initiator}
[    3.361173] scsi host2: ioc0: LSI53C1030 A0, FwRev=00000000h, Ports=1, MaxQ=256, IRQ=20
[    3.477519] scsi 2:0:0:0: Direct-Access     VBOX     HARDDISK         1.0  PQ: 0 ANSI: 5
[    3.483902] scsi target2:0:0: Beginning Domain Validation
[    3.502266] scsi target2:0:0: Domain Validation skipping write tests
[    3.510281] scsi target2:0:0: Ending Domain Validation
[    3.517876] scsi target2:0:0: asynchronous
[    3.528929] scsi 2:0:1:0: Direct-Access     VBOX     HARDDISK         1.0  PQ: 0 ANSI: 5
[    3.535841] scsi target2:0:1: Beginning Domain Validation
[    3.547437] scsi target2:0:1: Domain Validation skipping write tests
[    3.552395] scsi target2:0:1: Ending Domain Validation
[    3.556890] scsi target2:0:1: asynchronous
[    3.575450] sd 2:0:0:0: Attached scsi generic sg0 type 0
[    3.580253] sd 2:0:0:0: [sda] 83886080 512-byte logical blocks: (42.9 GB/40.0 GiB)
[    3.586626] sd 2:0:1:0: Attached scsi generic sg1 type 0
[    3.590948] sd 2:0:1:0: [sdb] 20480 512-byte logical blocks: (10.5 MB/10.0 MiB)
[    3.611804] sd 2:0:0:0: [sda] Write Protect is off
[    3.616480] sd 2:0:0:0: [sda] Incomplete mode parameter data
[    3.620496] sd 2:0:0:0: [sda] Assuming drive cache: write through
[    3.625447] sd 2:0:1:0: [sdb] Write Protect is off
[    3.630214] sd 2:0:1:0: [sdb] Incomplete mode parameter data
[    3.634735] sd 2:0:1:0: [sdb] Assuming drive cache: write through
[    3.642786]  sda: sda1
[    3.648020] sd 2:0:0:0: [sda] Attached SCSI disk
[    3.653893] sd 2:0:1:0: [sdb] Attached SCSI disk
[    4.164714] e1000 0000:00:08.0 eth1: (PCI:33MHz:32-bit) 08:00:27:fa:53:14
[    4.169834] e1000 0000:00:08.0 eth1: Intel(R) PRO/1000 Network Connection
[    4.176088] e1000 0000:00:08.0 enp0s8: renamed from eth1
[    4.197184] e1000 0000:00:03.0 enp0s3: renamed from eth0
Begin: Loading essential drivers ... [    5.870925] md: linear personality registered for level -1
[    5.879811] md: multipath personality registered for level -4
[    5.889180] md: raid0 personality registered for level 0
[    5.905320] md: raid1 personality registered for level 1
